{"event":"server_started","level":"info","message":"Dental service running on port 3000","port":"3000","timestamp":"2026-05-28T19:27:02.008Z"}
{"event":"server_started","level":"info","message":"Dental service running on port 3000","port":"3000","timestamp":"2026-05-28T19:31:14.506Z"}
{"event":"server_started","level":"info","message":"Dental service running on port 3000","port":"3000","timestamp":"2026-05-28T19:31:26.189Z"}
{"event":"server_started","level":"info","message":"Dental service running on port 3000","port":"3000","timestamp":"2026-05-28T19:31:27.731Z"}
{"event":"server_started","level":"info","message":"Dental service running on port 3000","port":"3000","timestamp":"2026-05-28T19:33:21.336Z"}
{"event":"server_started","level":"info","message":"Dental service running on port 3000","port":"3000","timestamp":"2026-05-28T19:35:34.355Z"}
{"event":"server_started","level":"info","message":"Dental service running on port 3000","port":"3000","timestamp":"2026-05-28T19:38:52.293Z"}
{"level":"info","message":{"event":"request_started","method":"GET","request_id":"769e4007-a31b-4d9f-aef2-13dfacddd01b","route":"/health"},"timestamp":"2026-05-28T19:41:22.694Z"}
{"level":"error","message":{"error":"pools is not defined","event":"unhandled_error","request_id":"769e4007-a31b-4d9f-aef2-13dfacddd01b","stack":"ReferenceError: pools is not defined\n    at file:///home/himanshu/Documents/Projects/dental-service/src/routes/health.js:13:20\n    at Layer.handleRequest (/home/himanshu/Documents/Projects/dental-service/node_modules/router/lib/layer.js:152:17)\n    at next (/home/himanshu/Documents/Projects/dental-service/node_modules/router/lib/route.js:157:13)\n    at Route.dispatch (/home/himanshu/Documents/Projects/dental-service/node_modules/router/lib/route.js:117:3)\n    at handle (/home/himanshu/Documents/Projects/dental-service/node_modules/router/index.js:435:11)\n    at Layer.handleRequest (/home/himanshu/Documents/Projects/dental-service/node_modules/router/lib/layer.js:152:17)\n    at /home/himanshu/Documents/Projects/dental-service/node_modules/router/index.js:295:15\n    at processParams (/home/himanshu/Documents/Projects/dental-service/node_modules/router/index.js:582:12)\n    at next (/home/himanshu/Documents/Projects/dental-service/node_modules/router/index.js:291:5)\n    at Function.handle (/home/himanshu/Documents/Projects/dental-service/node_modules/router/index.js:186:3)"},"timestamp":"2026-05-28T19:41:22.697Z"}
{"level":"error","message":{"duration_ms":8,"event":"request_failed","method":"GET","request_id":"769e4007-a31b-4d9f-aef2-13dfacddd01b","route":"/health","status_code":500},"timestamp":"2026-05-28T19:41:22.702Z"}
{"event":"server_started","level":"info","message":"Dental service running on port 3000","port":"3000","timestamp":"2026-05-28T19:43:28.604Z"}
{"level":"info","message":{"event":"request_started","method":"GET","request_id":"95e2cdcb-8cd7-4f26-92f1-79c671e64327","route":"/health"},"timestamp":"2026-05-28T19:43:33.466Z"}
{"level":"info","message":{"duration_ms":42,"event":"request_completed","method":"GET","request_id":"95e2cdcb-8cd7-4f26-92f1-79c671e64327","route":"/","status_code":200},"timestamp":"2026-05-28T19:43:33.508Z"}
{"level":"info","message":{"event":"request_started","method":"POST","request_id":"a1a2c6ad-66b7-4b2a-8bf5-763f368bbee1","route":"/api/v1/patients"},"timestamp":"2026-05-28T19:47:22.873Z"}
{"level":"debug","message":{"database":"practice_a_db","event":"routing_resolved","pool_idle":0,"pool_total":0,"pool_waiting":0,"practice_id":"uuid-aaa","request_id":"a1a2c6ad-66b7-4b2a-8bf5-763f368bbee1"},"timestamp":"2026-05-28T19:47:22.874Z"}
{"level":"debug","message":{"database":"practice_a_db","duration_ms":24,"event":"db_query","params":["Rahul Sharma","9876543210","rahul.sharma@gmail.com"],"practice_id":"uuid-aaa","request_id":"a1a2c6ad-66b7-4b2a-8bf5-763f368bbee1","sql":"INSERT INTO patients (name, phone, email) \n       VALUES ($1, $2, $3) \n       RETURNING *"},"timestamp":"2026-05-28T19:47:22.899Z"}
{"level":"info","message":{"duration_ms":27,"event":"request_completed","method":"POST","practice_id":"uuid-aaa","request_id":"a1a2c6ad-66b7-4b2a-8bf5-763f368bbee1","route":"/","status_code":201},"timestamp":"2026-05-28T19:47:22.900Z"}
{"level":"info","message":{"event":"request_started","method":"GET","request_id":"5277d204-75fb-478b-891a-a28d4c49bb58","route":"/api/v1/patients/51"},"timestamp":"2026-05-28T19:48:37.194Z"}
{"level":"debug","message":{"database":"practice_b_db","event":"routing_resolved","pool_idle":0,"pool_total":0,"pool_waiting":0,"practice_id":"uuid-bbb","request_id":"5277d204-75fb-478b-891a-a28d4c49bb58"},"timestamp":"2026-05-28T19:48:37.195Z"}
{"level":"debug","message":{"database":"practice_b_db","duration_ms":20,"event":"db_query","params":["51"],"practice_id":"uuid-bbb","request_id":"5277d204-75fb-478b-891a-a28d4c49bb58","sql":"SELECT * FROM patients WHERE patient_id = $1"},"timestamp":"2026-05-28T19:48:37.218Z"}
{"level":"error","message":{"duration_ms":26,"event":"request_failed","method":"GET","practice_id":"uuid-bbb","request_id":"5277d204-75fb-478b-891a-a28d4c49bb58","route":"/51","status_code":404},"timestamp":"2026-05-28T19:48:37.220Z"}
{"level":"info","message":{"event":"request_started","method":"GET","request_id":"d9f21658-3c45-453b-aefd-ad503029514e","route":"/api/v1/patients/51"},"timestamp":"2026-05-28T19:51:23.950Z"}
{"level":"warn","message":{"event":"validation_failed","method":"GET","reason":"missing_practice_id","request_id":"d9f21658-3c45-453b-aefd-ad503029514e","route":"/api/v1/patients/51"},"timestamp":"2026-05-28T19:51:23.951Z"}
{"level":"error","message":{"duration_ms":3,"event":"request_failed","method":"GET","request_id":"d9f21658-3c45-453b-aefd-ad503029514e","route":"/api/v1/patients/51","status_code":400},"timestamp":"2026-05-28T19:51:23.952Z"}
{"level":"info","message":{"event":"request_started","method":"GET","request_id":"11c76d7c-b28e-4234-9d58-8c47f3b61ae7","route":"/api/v1/patients/51"},"timestamp":"2026-05-28T19:52:12.672Z"}
{"level":"debug","message":{"database":"practice_a_db","event":"routing_resolved","pool_idle":0,"pool_total":0,"pool_waiting":0,"practice_id":"uuid-aaa","request_id":"11c76d7c-b28e-4234-9d58-8c47f3b61ae7"},"timestamp":"2026-05-28T19:52:12.673Z"}
{"level":"debug","message":{"database":"practice_a_db","duration_ms":15,"event":"db_query","params":["51"],"practice_id":"uuid-aaa","request_id":"11c76d7c-b28e-4234-9d58-8c47f3b61ae7","sql":"SELECT * FROM patients WHERE patient_id = $1"},"timestamp":"2026-05-28T19:52:12.689Z"}
{"level":"info","message":{"duration_ms":18,"event":"request_completed","method":"GET","practice_id":"uuid-aaa","request_id":"11c76d7c-b28e-4234-9d58-8c47f3b61ae7","route":"/51","status_code":200},"timestamp":"2026-05-28T19:52:12.690Z"}
{"level":"info","message":{"event":"request_started","method":"GET","request_id":"f2ef3738-1d01-46c6-80cb-96b02d4c4f5a","route":"/api/v1/patients/51"},"timestamp":"2026-05-28T19:52:54.863Z"}
{"level":"warn","message":{"event":"validation_failed","method":"GET","reason":"missing_practice_id","request_id":"f2ef3738-1d01-46c6-80cb-96b02d4c4f5a","route":"/api/v1/patients/51"},"timestamp":"2026-05-28T19:52:54.864Z"}
{"level":"error","message":{"duration_ms":3,"event":"request_failed","method":"GET","request_id":"f2ef3738-1d01-46c6-80cb-96b02d4c4f5a","route":"/api/v1/patients/51","status_code":400},"timestamp":"2026-05-28T19:52:54.866Z"}
{"level":"info","message":{"event":"request_started","method":"GET","request_id":"e05406c6-b8e0-418e-a263-b70be08d9501","route":"/api/v1/patients"},"timestamp":"2026-05-28T19:54:12.365Z"}
{"level":"debug","message":{"database":"practice_a_db","event":"routing_resolved","pool_idle":0,"pool_total":0,"pool_waiting":0,"practice_id":"uuid-aaa","request_id":"e05406c6-b8e0-418e-a263-b70be08d9501"},"timestamp":"2026-05-28T19:54:12.366Z"}
{"level":"debug","message":{"database":"practice_a_db","duration_ms":22,"event":"db_query","params":["%Rahul%","Rahul",10,0],"practice_id":"uuid-aaa","request_id":"e05406c6-b8e0-418e-a263-b70be08d9501","sql":"SELECT * FROM patients \n         WHERE name ILIKE $1 OR phone = $2\n         ORDER BY created_at DESC\n         LIMIT $3 OFFSET $4"},"timestamp":"2026-05-28T19:54:12.389Z"}
{"level":"info","message":{"duration_ms":25,"event":"request_completed","method":"GET","practice_id":"uuid-aaa","request_id":"e05406c6-b8e0-418e-a263-b70be08d9501","route":"/","status_code":200},"timestamp":"2026-05-28T19:54:12.390Z"}
{"level":"info","message":{"event":"request_started","method":"GET","request_id":"8e25d9a3-1abd-4cbc-8787-fd03cf1e7a6c","route":"/api/v1/patients"},"timestamp":"2026-05-28T19:54:40.846Z"}
{"level":"debug","message":{"database":"practice_a_db","event":"routing_resolved","pool_idle":1,"pool_total":1,"pool_waiting":0,"practice_id":"uuid-aaa","request_id":"8e25d9a3-1abd-4cbc-8787-fd03cf1e7a6c"},"timestamp":"2026-05-28T19:54:40.847Z"}
{"level":"debug","message":{"database":"practice_a_db","duration_ms":2,"event":"db_query","params":["%9412876464%","9412876464",10,0],"practice_id":"uuid-aaa","request_id":"8e25d9a3-1abd-4cbc-8787-fd03cf1e7a6c","sql":"SELECT * FROM patients \n         WHERE name ILIKE $1 OR phone = $2\n         ORDER BY created_at DESC\n         LIMIT $3 OFFSET $4"},"timestamp":"2026-05-28T19:54:40.849Z"}
{"level":"info","message":{"duration_ms":5,"event":"request_completed","method":"GET","practice_id":"uuid-aaa","request_id":"8e25d9a3-1abd-4cbc-8787-fd03cf1e7a6c","route":"/","status_code":200},"timestamp":"2026-05-28T19:54:40.851Z"}
{"level":"info","message":{"event":"request_started","method":"POST","request_id":"73641b18-2fed-46a0-8def-813deb01b123","route":"/api/v1/appointments"},"timestamp":"2026-05-28T20:29:37.346Z"}
{"level":"debug","message":{"database":"practice_a_db","event":"routing_resolved","pool_idle":0,"pool_total":0,"pool_waiting":0,"practice_id":"uuid-aaa","request_id":"73641b18-2fed-46a0-8def-813deb01b123"},"timestamp":"2026-05-28T20:29:37.347Z"}
{"level":"debug","message":{"database":"practice_a_db","duration_ms":12,"event":"db_query","params":[51],"practice_id":"uuid-aaa","request_id":"73641b18-2fed-46a0-8def-813deb01b123","sql":"SELECT patient_id FROM patients WHERE patient_id = $1"},"timestamp":"2026-05-28T20:29:37.360Z"}
{"level":"debug","message":{"database":"practice_a_db","duration_ms":4,"event":"db_query","params":[51,"2026-06-15T10:00:00Z","scheduled","Regular checkup"],"practice_id":"uuid-aaa","request_id":"73641b18-2fed-46a0-8def-813deb01b123","sql":"INSERT INTO appointments (patient_id, scheduled_at, status, notes)\n       VALUES ($1, $2, $3, $4)\n       RETURNING *"},"timestamp":"2026-05-28T20:29:37.365Z"}
{"level":"info","message":{"duration_ms":20,"event":"request_completed","method":"POST","practice_id":"uuid-aaa","request_id":"73641b18-2fed-46a0-8def-813deb01b123","route":"/","status_code":201},"timestamp":"2026-05-28T20:29:37.366Z"}
{"level":"info","message":{"event":"request_started","method":"GET","request_id":"2d2ccbc3-36cc-4f63-b78a-0b9513afe3f3","route":"/api/v1/appointments"},"timestamp":"2026-05-28T20:31:10.922Z"}
{"level":"debug","message":{"database":"practice_a_db","event":"routing_resolved","pool_idle":0,"pool_total":0,"pool_waiting":0,"practice_id":"uuid-aaa","request_id":"2d2ccbc3-36cc-4f63-b78a-0b9513afe3f3"},"timestamp":"2026-05-28T20:31:10.922Z"}
{"level":"debug","message":{"database":"practice_a_db","duration_ms":18,"event":"db_query","params":["2026-01-01","2026-12-31","scheduled",10,0],"practice_id":"uuid-aaa","request_id":"2d2ccbc3-36cc-4f63-b78a-0b9513afe3f3","sql":"SELECT a.*, p.name as patient_name \n       FROM appointments a\n       JOIN patients p ON a.patient_id = p.patient_id\n       WHERE scheduled_at >= $1 AND scheduled_at <= $2 AND status = $3\n       ORDER BY a.scheduled_at DESC\n       LIMIT $4 OFFSET $5"},"timestamp":"2026-05-28T20:31:10.941Z"}
{"level":"info","message":{"duration_ms":21,"event":"request_completed","method":"GET","practice_id":"uuid-aaa","request_id":"2d2ccbc3-36cc-4f63-b78a-0b9513afe3f3","route":"/","status_code":200},"timestamp":"2026-05-28T20:31:10.943Z"}
{"event":"server_started","level":"info","message":"Dental service running on port 3000","port":"3000","timestamp":"2026-05-28T20:34:30.103Z"}
{"event":"server_started","level":"info","message":"Dental service running on port 3000","port":"3000","timestamp":"2026-05-28T20:34:32.295Z"}
{"event":"server_started","level":"info","message":"Dental service running on port 3000","port":"3000","timestamp":"2026-05-28T20:34:41.246Z"}
{"event":"server_started","level":"info","message":"Dental service running on port 3000","port":"3000","timestamp":"2026-05-28T20:34:45.428Z"}
{"event":"server_started","level":"info","message":"Dental service running on port 3000","port":"3000","timestamp":"2026-05-28T20:36:03.171Z"}
{"event":"server_started","level":"info","message":"Dental service running on port 3000","port":"3000","timestamp":"2026-05-28T20:36:07.306Z"}
{"event":"server_started","level":"info","message":"Dental service running on port 3000","port":"3000","timestamp":"2026-05-28T20:36:10.272Z"}
{"event":"server_started","level":"info","message":"Dental service running on port 3000","port":"3000","timestamp":"2026-05-28T20:36:12.457Z"}
{"event":"server_started","level":"info","message":"Dental service running on port 3000","port":"3000","timestamp":"2026-05-28T20:36:15.338Z"}
{"event":"server_started","level":"info","message":"Dental service running on port 3000","port":"3000","timestamp":"2026-05-28T20:36:19.976Z"}
{"event":"server_started","level":"info","message":"Dental service running on port 3000","port":"3000","timestamp":"2026-05-28T20:36:27.245Z"}
{"event":"server_started","level":"info","message":"Dental service running on port 3000","port":"3000","timestamp":"2026-05-28T20:36:39.982Z"}
{"event":"server_started","level":"info","message":"Dental service running on port 3000","port":"3000","timestamp":"2026-05-28T20:36:44.052Z"}
{"event":"server_started","level":"info","message":"Dental service running on port 3000","port":"3000","timestamp":"2026-05-28T20:37:06.750Z"}
{"event":"server_started","level":"info","message":"Dental service running on port 3000","port":"3000","timestamp":"2026-05-28T20:37:07.900Z"}
{"event":"server_started","level":"info","message":"Dental service running on port 3000","port":"3000","timestamp":"2026-05-28T20:37:23.411Z"}
{"event":"server_started","level":"info","message":"Dental service running on port 3000","port":"3000","timestamp":"2026-05-28T20:37:33.400Z"}
{"event":"server_started","level":"info","message":"Dental service running on port 3000","port":"3000","timestamp":"2026-05-28T20:37:47.267Z"}
{"event":"server_started","level":"info","message":"Dental service running on port 3000","port":"3000","timestamp":"2026-05-28T20:37:50.280Z"}
{"event":"server_started","level":"info","message":"Dental service running on port 3000","port":"3000","timestamp":"2026-05-28T20:37:52.615Z"}
{"event":"server_started","level":"info","message":"Dental service running on port 3000","port":"3000","timestamp":"2026-05-28T20:37:54.774Z"}
{"event":"server_started","level":"info","message":"Dental service running on port 3000","port":"3000","timestamp":"2026-05-28T20:38:04.754Z"}
{"event":"server_started","level":"info","message":"Dental service running on port 3000","port":"3000","timestamp":"2026-05-28T20:38:06.763Z"}
{"event":"server_started","level":"info","message":"Dental service running on port 3000","port":"3000","timestamp":"2026-05-28T20:38:14.462Z"}
{"event":"server_started","level":"info","message":"Dental service running on port 3000","port":"3000","timestamp":"2026-05-28T20:38:16.905Z"}
{"event":"server_started","level":"info","message":"Dental service running on port 3000","port":"3000","timestamp":"2026-05-28T20:38:23.264Z"}
{"event":"server_started","level":"info","message":"Dental service running on port 3000","port":"3000","timestamp":"2026-05-28T20:38:25.375Z"}
{"event":"server_started","level":"info","message":"Dental service running on port 3000","port":"3000","timestamp":"2026-05-28T20:38:35.466Z"}
{"event":"server_started","level":"info","message":"Dental service running on port 3000","port":"3000","timestamp":"2026-05-28T20:38:37.367Z"}
{"event":"server_started","level":"info","message":"Dental service running on port 3000","port":"3000","timestamp":"2026-05-28T20:38:46.261Z"}
{"event":"server_started","level":"info","message":"Dental service running on port 3000","port":"3000","timestamp":"2026-05-28T20:38:50.769Z"}
{"event":"server_started","level":"info","message":"Dental service running on port 3000","port":"3000","timestamp":"2026-05-28T20:38:55.927Z"}
{"event":"server_started","level":"info","message":"Dental service running on port 3000","port":"3000","timestamp":"2026-05-28T20:39:15.165Z"}
{"event":"server_started","level":"info","message":"Dental service running on port 3000","port":"3000","timestamp":"2026-05-28T20:39:16.439Z"}
{"event":"server_started","level":"info","message":"Dental service running on port 3000","port":"3000","timestamp":"2026-05-28T20:39:26.441Z"}
{"event":"server_started","level":"info","message":"Dental service running on port 3000","port":"3000","timestamp":"2026-05-28T20:39:29.619Z"}
{"event":"server_started","level":"info","message":"Dental service running on port 3000","port":"3000","timestamp":"2026-05-28T20:39:37.352Z"}
{"event":"server_started","level":"info","message":"Dental service running on port 3000","port":"3000","timestamp":"2026-05-28T20:39:39.471Z"}
{"event":"server_started","level":"info","message":"Dental service running on port 3000","port":"3000","timestamp":"2026-05-28T20:39:41.338Z"}
{"event":"server_started","level":"info","message":"Dental service running on port 3000","port":"3000","timestamp":"2026-05-28T20:39:54.614Z"}
{"event":"server_started","level":"info","message":"Dental service running on port 3000","port":"3000","timestamp":"2026-05-28T20:39:57.424Z"}
{"event":"server_started","level":"info","message":"Dental service running on port 3000","port":"3000","timestamp":"2026-05-28T20:40:04.896Z"}
{"event":"server_started","level":"info","message":"Dental service running on port 3000","port":"3000","timestamp":"2026-05-28T20:40:14.485Z"}
{"event":"server_started","level":"info","message":"Dental service running on port 3000","port":"3000","timestamp":"2026-05-28T20:40:19.666Z"}
{"event":"server_started","level":"info","message":"Dental service running on port 3000","port":"3000","timestamp":"2026-05-28T20:40:22.080Z"}
{"event":"server_started","level":"info","message":"Dental service running on port 3000","port":"3000","timestamp":"2026-05-28T20:40:26.667Z"}
{"event":"server_started","level":"info","message":"Dental service running on port 3000","port":"3000","timestamp":"2026-05-28T20:40:29.915Z"}
{"event":"server_started","level":"info","message":"Dental service running on port 3000","port":"3000","timestamp":"2026-05-28T20:40:34.072Z"}
{"event":"server_started","level":"info","message":"Dental service running on port 3000","port":"3000","timestamp":"2026-05-28T20:40:38.846Z"}
{"event":"server_started","level":"info","message":"Dental service running on port 3000","port":"3000","timestamp":"2026-05-28T20:41:23.301Z"}
{"event":"server_started","level":"info","message":"Dental service running on port 3000","port":"3000","timestamp":"2026-05-28T20:41:35.730Z"}
{"event":"server_started","level":"info","message":"Dental service running on port 3000","port":"3000","timestamp":"2026-05-28T20:42:27.815Z"}
{"event":"server_started","level":"info","message":"Dental service running on port 3000","port":"3000","timestamp":"2026-05-28T20:42:29.368Z"}
{"event":"server_started","level":"info","message":"Dental service running on port 3000","port":"3000","timestamp":"2026-05-28T20:42:33.957Z"}
{"event":"server_started","level":"info","message":"Dental service running on port 3000","port":"3000","timestamp":"2026-05-28T20:42:35.047Z"}
{"event":"server_started","level":"info","message":"Dental service running on port 3000","port":"3000","timestamp":"2026-05-28T20:42:37.407Z"}
{"event":"server_started","level":"info","message":"Dental service running on port 3000","port":"3000","timestamp":"2026-05-28T20:42:39.442Z"}
{"event":"server_started","level":"info","message":"Dental service running on port 3000","port":"3000","timestamp":"2026-05-28T20:42:57.320Z"}
{"event":"server_started","level":"info","message":"Dental service running on port 3000","port":"3000","timestamp":"2026-05-28T20:42:59.037Z"}
{"event":"server_started","level":"info","message":"Dental service running on port 3000","port":"3000","timestamp":"2026-05-28T20:43:11.443Z"}
{"event":"server_started","level":"info","message":"Dental service running on port 3000","port":"3000","timestamp":"2026-05-28T20:43:13.652Z"}
{"event":"server_started","level":"info","message":"Dental service running on port 3000","port":"3000","timestamp":"2026-05-28T20:43:57.642Z"}
{"event":"server_started","level":"info","message":"Dental service running on port 3000","port":"3000","timestamp":"2026-05-28T20:44:01.642Z"}
{"event":"server_started","level":"info","message":"Dental service running on port 3000","port":"3000","timestamp":"2026-05-28T20:44:09.220Z"}
{"event":"server_started","level":"info","message":"Dental service running on port 3000","port":"3000","timestamp":"2026-05-28T20:44:11.832Z"}
{"event":"server_started","level":"info","message":"Dental service running on port 3000","port":"3000","timestamp":"2026-05-28T20:44:18.993Z"}
{"event":"server_started","level":"info","message":"Dental service running on port 3000","port":"3000","timestamp":"2026-05-28T20:44:28.470Z"}
{"event":"server_started","level":"info","message":"Dental service running on port 3000","port":"3000","timestamp":"2026-05-28T20:44:35.099Z"}
{"event":"server_started","level":"info","message":"Dental service running on port 3000","port":"3000","timestamp":"2026-05-28T20:44:42.337Z"}
{"event":"server_started","level":"info","message":"Dental service running on port 3000","port":"3000","timestamp":"2026-05-28T20:44:49.761Z"}
{"event":"server_started","level":"info","message":"Dental service running on port 3000","port":"3000","timestamp":"2026-05-28T20:44:51.193Z"}
{"event":"server_started","level":"info","message":"Dental service running on port 3000","port":"3000","timestamp":"2026-05-28T20:44:56.565Z"}
{"event":"server_started","level":"info","message":"Dental service running on port 3000","port":"3000","timestamp":"2026-05-28T20:45:00.021Z"}
{"event":"server_started","level":"info","message":"Dental service running on port 3000","port":"3000","timestamp":"2026-05-28T20:45:59.074Z"}
{"event":"server_started","level":"info","message":"Dental service running on port 3000","port":"3000","timestamp":"2026-05-28T20:46:34.242Z"}
{"event":"server_started","level":"info","message":"Dental service running on port 3000","port":"3000","timestamp":"2026-05-28T20:48:03.884Z"}
{"event":"server_started","level":"info","message":"Dental service running on port 3000","port":"3000","timestamp":"2026-05-28T20:48:16.948Z"}
{"event":"server_started","level":"info","message":"Dental service running on port 3000","port":"3000","timestamp":"2026-05-28T20:48:19.866Z"}
{"event":"server_started","level":"info","message":"Dental service running on port 3000","port":"3000","timestamp":"2026-05-28T20:48:27.789Z"}
{"event":"server_started","level":"info","message":"Dental service running on port 3000","port":"3000","timestamp":"2026-05-28T20:48:35.974Z"}
{"event":"server_started","level":"info","message":"Dental service running on port 3000","port":"3000","timestamp":"2026-05-28T20:48:37.496Z"}
{"event":"server_started","level":"info","message":"Dental service running on port 3000","port":"3000","timestamp":"2026-05-28T20:48:40.764Z"}
{"event":"server_started","level":"info","message":"Dental service running on port 3000","port":"3000","timestamp":"2026-05-28T20:48:47.807Z"}
{"event":"server_started","level":"info","message":"Dental service running on port 3000","port":"3000","timestamp":"2026-05-28T20:48:51.196Z"}
{"event":"server_started","level":"info","message":"Dental service running on port 3000","port":"3000","timestamp":"2026-05-28T20:48:57.678Z"}
{"event":"server_started","level":"info","message":"Dental service running on port 3000","port":"3000","timestamp":"2026-05-28T20:49:37.424Z"}
{"event":"server_started","level":"info","message":"Dental service running on port 3000","port":"3000","timestamp":"2026-05-28T20:49:40.253Z"}
{"event":"server_started","level":"info","message":"Dental service running on port 3000","port":"3000","timestamp":"2026-05-28T20:50:04.285Z"}
{"event":"server_started","level":"info","message":"Dental service running on port 3000","port":"3000","timestamp":"2026-05-28T20:50:08.149Z"}
{"event":"server_started","level":"info","message":"Dental service running on port 3000","port":"3000","timestamp":"2026-05-28T20:50:10.404Z"}
{"event":"server_started","level":"info","message":"Dental service running on port 3000","port":"3000","timestamp":"2026-05-28T20:50:14.116Z"}
{"event":"server_started","level":"info","message":"Dental service running on port 3000","port":"3000","timestamp":"2026-05-28T20:50:20.963Z"}
{"event":"server_started","level":"info","message":"Dental service running on port 3000","port":"3000","timestamp":"2026-05-28T20:50:23.324Z"}
{"level":"info","message":{"event":"request_started","method":"GET","request_id":"f9d2e842-bf1d-4ca4-b57b-22f61f2b1523","route":"/health"},"timestamp":"2026-05-28T20:50:41.745Z"}
{"level":"info","message":{"duration_ms":41,"event":"request_completed","method":"GET","request_id":"f9d2e842-bf1d-4ca4-b57b-22f61f2b1523","route":"/","status_code":200},"timestamp":"2026-05-28T20:50:41.786Z"}
{"level":"info","message":{"event":"request_started","method":"POST","request_id":"f463f91e-3322-409d-9d79-863474e2c3b4","route":"/api/v1/patients"},"timestamp":"2026-05-28T20:50:50.960Z"}
{"level":"debug","message":{"database":"practice_a_db","event":"routing_resolved","pool_idle":1,"pool_total":1,"pool_waiting":0,"practice_id":"uuid-aaa","request_id":"f463f91e-3322-409d-9d79-863474e2c3b4"},"timestamp":"2026-05-28T20:50:50.961Z"}
{"level":"debug","message":{"database":"practice_a_db","duration_ms":6,"event":"db_query","params":["Rahul Sharma","9876543210","rahul.sharma@gmail.com"],"practice_id":"uuid-aaa","request_id":"f463f91e-3322-409d-9d79-863474e2c3b4","sql":"INSERT INTO patients (name, phone, email) \n       VALUES ($1, $2, $3) \n       RETURNING *"},"timestamp":"2026-05-28T20:50:50.968Z"}
{"level":"info","message":{"duration_ms":9,"event":"request_completed","method":"POST","practice_id":"uuid-aaa","request_id":"f463f91e-3322-409d-9d79-863474e2c3b4","route":"/","status_code":201},"timestamp":"2026-05-28T20:50:50.969Z"}
{"level":"info","message":{"event":"request_started","method":"GET","request_id":"107fe33f-ad91-4a1e-abb6-ca9788a67f9c","route":"/api/v1/patients/51"},"timestamp":"2026-05-28T20:50:58.025Z"}
{"level":"debug","message":{"database":"practice_b_db","event":"routing_resolved","pool_idle":1,"pool_total":1,"pool_waiting":0,"practice_id":"uuid-bbb","request_id":"107fe33f-ad91-4a1e-abb6-ca9788a67f9c"},"timestamp":"2026-05-28T20:50:58.026Z"}
{"level":"debug","message":{"database":"practice_b_db","duration_ms":3,"event":"db_query","params":["51"],"practice_id":"uuid-bbb","request_id":"107fe33f-ad91-4a1e-abb6-ca9788a67f9c","sql":"SELECT * FROM patients WHERE patient_id = $1"},"timestamp":"2026-05-28T20:50:58.030Z"}
{"level":"error","message":{"duration_ms":6,"event":"request_failed","method":"GET","practice_id":"uuid-bbb","request_id":"107fe33f-ad91-4a1e-abb6-ca9788a67f9c","route":"/51","status_code":404},"timestamp":"2026-05-28T20:50:58.031Z"}
{"level":"info","message":{"event":"request_started","method":"GET","request_id":"ad08d95a-b138-4021-a854-01b62e88f4ba","route":"/api/v1/patients/51"},"timestamp":"2026-05-28T20:51:01.586Z"}
{"level":"debug","message":{"database":"practice_a_db","event":"routing_resolved","pool_idle":1,"pool_total":1,"pool_waiting":0,"practice_id":"uuid-aaa","request_id":"ad08d95a-b138-4021-a854-01b62e88f4ba"},"timestamp":"2026-05-28T20:51:01.587Z"}
{"level":"debug","message":{"database":"practice_a_db","duration_ms":3,"event":"db_query","params":["51"],"practice_id":"uuid-aaa","request_id":"ad08d95a-b138-4021-a854-01b62e88f4ba","sql":"SELECT * FROM patients WHERE patient_id = $1"},"timestamp":"2026-05-28T20:51:01.591Z"}
{"level":"info","message":{"duration_ms":8,"event":"request_completed","method":"GET","practice_id":"uuid-aaa","request_id":"ad08d95a-b138-4021-a854-01b62e88f4ba","route":"/51","status_code":200},"timestamp":"2026-05-28T20:51:01.594Z"}
{"level":"info","message":{"event":"request_started","method":"GET","request_id":"3933805a-b37a-42c2-a59b-5247d1902f0d","route":"/api/v1/patients/51"},"timestamp":"2026-05-28T20:51:04.613Z"}
{"level":"warn","message":{"event":"validation_failed","method":"GET","reason":"missing_practice_id","request_id":"3933805a-b37a-42c2-a59b-5247d1902f0d","route":"/api/v1/patients/51"},"timestamp":"2026-05-28T20:51:04.614Z"}
{"level":"error","message":{"duration_ms":2,"event":"request_failed","method":"GET","request_id":"3933805a-b37a-42c2-a59b-5247d1902f0d","route":"/api/v1/patients/51","status_code":400},"timestamp":"2026-05-28T20:51:04.615Z"}
{"level":"info","message":{"event":"request_started","method":"GET","request_id":"c23efec6-7175-4647-ada1-6cd9e12f6357","route":"/api/v1/patients"},"timestamp":"2026-05-28T20:51:07.581Z"}
{"level":"debug","message":{"database":"practice_a_db","event":"routing_resolved","pool_idle":1,"pool_total":1,"pool_waiting":0,"practice_id":"uuid-aaa","request_id":"c23efec6-7175-4647-ada1-6cd9e12f6357"},"timestamp":"2026-05-28T20:51:07.582Z"}
{"level":"debug","message":{"database":"practice_a_db","duration_ms":3,"event":"db_query","params":["%9412876464%","9412876464",10,0],"practice_id":"uuid-aaa","request_id":"c23efec6-7175-4647-ada1-6cd9e12f6357","sql":"SELECT * FROM patients \n         WHERE name ILIKE $1 OR phone = $2\n         ORDER BY created_at DESC\n         LIMIT $3 OFFSET $4"},"timestamp":"2026-05-28T20:51:07.586Z"}
{"level":"info","message":{"duration_ms":7,"event":"request_completed","method":"GET","practice_id":"uuid-aaa","request_id":"c23efec6-7175-4647-ada1-6cd9e12f6357","route":"/","status_code":200},"timestamp":"2026-05-28T20:51:07.588Z"}
{"level":"info","message":{"event":"request_started","method":"POST","request_id":"42b14eda-7126-4fbf-b7e4-2a3bc23d372b","route":"/api/v1/appointments"},"timestamp":"2026-05-28T20:51:10.669Z"}
{"level":"debug","message":{"database":"practice_a_db","event":"routing_resolved","pool_idle":1,"pool_total":1,"pool_waiting":0,"practice_id":"uuid-aaa","request_id":"42b14eda-7126-4fbf-b7e4-2a3bc23d372b"},"timestamp":"2026-05-28T20:51:10.670Z"}
{"level":"debug","message":{"database":"practice_a_db","duration_ms":2,"event":"db_query","params":[51],"practice_id":"uuid-aaa","request_id":"42b14eda-7126-4fbf-b7e4-2a3bc23d372b","sql":"SELECT patient_id FROM patients WHERE patient_id = $1"},"timestamp":"2026-05-28T20:51:10.673Z"}
{"level":"debug","message":{"database":"practice_a_db","duration_ms":7,"event":"db_query","params":[51,"2026-06-15T10:00:00Z","scheduled","Regular checkup"],"practice_id":"uuid-aaa","request_id":"42b14eda-7126-4fbf-b7e4-2a3bc23d372b","sql":"INSERT INTO appointments (patient_id, scheduled_at, status, notes)\n         VALUES ($1, $2, $3, $4)\n         RETURNING *"},"timestamp":"2026-05-28T20:51:10.681Z"}
{"level":"info","message":{"duration_ms":13,"event":"request_completed","method":"POST","practice_id":"uuid-aaa","request_id":"42b14eda-7126-4fbf-b7e4-2a3bc23d372b","route":"/","status_code":201},"timestamp":"2026-05-28T20:51:10.682Z"}
{"level":"info","message":{"event":"request_started","method":"GET","request_id":"9df353d4-1716-46d5-a636-862c8be45946","route":"/api/v1/appointments"},"timestamp":"2026-05-28T20:51:13.378Z"}
{"level":"debug","message":{"database":"practice_a_db","event":"routing_resolved","pool_idle":1,"pool_total":1,"pool_waiting":0,"practice_id":"uuid-aaa","request_id":"9df353d4-1716-46d5-a636-862c8be45946"},"timestamp":"2026-05-28T20:51:13.379Z"}
{"level":"debug","message":{"database":"practice_a_db","duration_ms":6,"event":"db_query","params":["2026-01-01","2026-12-31","scheduled",10,0],"practice_id":"uuid-aaa","request_id":"9df353d4-1716-46d5-a636-862c8be45946","sql":"SELECT a.*, p.name as patient_name \n       FROM appointments a\n       JOIN patients p ON a.patient_id = p.patient_id\n       WHERE scheduled_at >= $1 AND scheduled_at <= $2 AND status = $3\n       ORDER BY a.scheduled_at DESC\n       LIMIT $4 OFFSET $5"},"timestamp":"2026-05-28T20:51:13.387Z"}
{"level":"info","message":{"duration_ms":11,"event":"request_completed","method":"GET","practice_id":"uuid-aaa","request_id":"9df353d4-1716-46d5-a636-862c8be45946","route":"/","status_code":200},"timestamp":"2026-05-28T20:51:13.389Z"}
{"level":"info","message":{"event":"request_started","method":"GET","request_id":"74fed033-238d-4a19-8d1a-d69914efaf17","route":"/api/v1/patients"},"timestamp":"2026-05-28T20:59:21.059Z"}
{"level":"debug","message":{"database":"practice_b_db","event":"routing_resolved","pool_idle":0,"pool_total":0,"pool_waiting":0,"practice_id":"uuid-bbb","request_id":"74fed033-238d-4a19-8d1a-d69914efaf17"},"timestamp":"2026-05-28T20:59:21.059Z"}
{"level":"debug","message":{"database":"practice_b_db","duration_ms":18,"event":"db_query","params":["%9412876464%","9412876464",10,0],"practice_id":"uuid-bbb","request_id":"74fed033-238d-4a19-8d1a-d69914efaf17","sql":"SELECT * FROM patients \n         WHERE name ILIKE $1 OR phone = $2\n         ORDER BY created_at DESC\n         LIMIT $3 OFFSET $4"},"timestamp":"2026-05-28T20:59:21.078Z"}
{"level":"info","message":{"duration_ms":21,"event":"request_completed","method":"GET","practice_id":"uuid-bbb","request_id":"74fed033-238d-4a19-8d1a-d69914efaf17","route":"/","status_code":200},"timestamp":"2026-05-28T20:59:21.080Z"}
{"level":"info","message":{"event":"request_started","method":"GET","request_id":"3f86f52d-36b2-4fd5-9a01-1aec551783ee","route":"/api/v1/patients"},"timestamp":"2026-05-28T20:59:31.116Z"}
{"level":"debug","message":{"database":"practice_a_db","event":"routing_resolved","pool_idle":0,"pool_total":0,"pool_waiting":0,"practice_id":"uuid-aaa","request_id":"3f86f52d-36b2-4fd5-9a01-1aec551783ee"},"timestamp":"2026-05-28T20:59:31.117Z"}
{"level":"debug","message":{"database":"practice_a_db","duration_ms":18,"event":"db_query","params":["%9412876464%","9412876464",10,0],"practice_id":"uuid-aaa","request_id":"3f86f52d-36b2-4fd5-9a01-1aec551783ee","sql":"SELECT * FROM patients \n         WHERE name ILIKE $1 OR phone = $2\n         ORDER BY created_at DESC\n         LIMIT $3 OFFSET $4"},"timestamp":"2026-05-28T20:59:31.135Z"}
{"level":"info","message":{"duration_ms":20,"event":"request_completed","method":"GET","practice_id":"uuid-aaa","request_id":"3f86f52d-36b2-4fd5-9a01-1aec551783ee","route":"/","status_code":200},"timestamp":"2026-05-28T20:59:31.136Z"}
{"level":"info","message":{"event":"request_started","method":"GET","request_id":"39fb6b1b-5d6e-4ec1-982a-e64fb9a7c389","route":"/api/v1/appointments"},"timestamp":"2026-05-28T21:05:18.849Z"}
{"level":"debug","message":{"database":"practice_a_db","event":"routing_resolved","pool_idle":0,"pool_total":0,"pool_waiting":0,"practice_id":"uuid-aaa","request_id":"39fb6b1b-5d6e-4ec1-982a-e64fb9a7c389"},"timestamp":"2026-05-28T21:05:18.849Z"}
{"level":"debug","message":{"database":"practice_a_db","duration_ms":19,"event":"db_query","params":["2026-01-01","2026-12-31","scheduled","20",0],"practice_id":"uuid-aaa","request_id":"39fb6b1b-5d6e-4ec1-982a-e64fb9a7c389","sql":"SELECT a.*, p.name as patient_name \n       FROM appointments a\n       JOIN patients p ON a.patient_id = p.patient_id\n       WHERE scheduled_at >= $1 AND scheduled_at <= $2 AND status = $3\n       ORDER BY a.scheduled_at DESC\n       LIMIT $4 OFFSET $5"},"timestamp":"2026-05-28T21:05:18.869Z"}
{"level":"info","message":{"duration_ms":22,"event":"request_completed","method":"GET","practice_id":"uuid-aaa","request_id":"39fb6b1b-5d6e-4ec1-982a-e64fb9a7c389","route":"/","status_code":200},"timestamp":"2026-05-28T21:05:18.871Z"}
{"level":"info","message":{"event":"request_started","method":"GET","request_id":"d159b302-bd52-40ca-8beb-ebf1a32a067d","route":"/api/v1/appointments"},"timestamp":"2026-05-28T21:05:29.802Z"}
{"level":"debug","message":{"database":"practice_a_db","event":"routing_resolved","pool_idle":1,"pool_total":1,"pool_waiting":0,"practice_id":"uuid-aaa","request_id":"d159b302-bd52-40ca-8beb-ebf1a32a067d"},"timestamp":"2026-05-28T21:05:29.802Z"}
{"level":"debug","message":{"database":"practice_a_db","duration_ms":2,"event":"db_query","params":["2026-01-01","2026-12-31","scheduled","20",20],"practice_id":"uuid-aaa","request_id":"d159b302-bd52-40ca-8beb-ebf1a32a067d","sql":"SELECT a.*, p.name as patient_name \n       FROM appointments a\n       JOIN patients p ON a.patient_id = p.patient_id\n       WHERE scheduled_at >= $1 AND scheduled_at <= $2 AND status = $3\n       ORDER BY a.scheduled_at DESC\n       LIMIT $4 OFFSET $5"},"timestamp":"2026-05-28T21:05:29.805Z"}
{"level":"info","message":{"duration_ms":4,"event":"request_completed","method":"GET","practice_id":"uuid-aaa","request_id":"d159b302-bd52-40ca-8beb-ebf1a32a067d","route":"/","status_code":200},"timestamp":"2026-05-28T21:05:29.806Z"}
{"level":"info","timestamp":"2026-05-28T21:15:48.053Z","message":"Dental service running on port 3000","event":"server_started","port":"3000"}
{"level":"info","timestamp":"2026-05-28T21:16:04.380Z","event":"request_started","request_id":"c6c38977-d1fe-40b1-8d7c-5f64cf72ca10","route":"/api/v1/appointments","method":"GET"}
{"level":"debug","timestamp":"2026-05-28T21:16:04.381Z","event":"routing_resolved","practice_id":"uuid-aaa","database":"practice_a_db","pool_total":0,"pool_idle":0,"pool_waiting":0,"request_id":"c6c38977-d1fe-40b1-8d7c-5f64cf72ca10"}
{"level":"debug","timestamp":"2026-05-28T21:16:04.421Z","event":"db_query","database":"practice_a_db","sql":"SELECT a.*, p.name as patient_name \n       FROM appointments a\n       JOIN patients p ON a.patient_id = p.patient_id\n       WHERE scheduled_at >= $1 AND scheduled_at <= $2 AND status = $3\n       ORDER BY a.scheduled_at DESC\n       LIMIT $4 OFFSET $5","params":["2026-01-01","2026-12-31","scheduled","20",20],"duration_ms":39,"request_id":"c6c38977-d1fe-40b1-8d7c-5f64cf72ca10","practice_id":"uuid-aaa"}
{"level":"info","timestamp":"2026-05-28T21:16:04.426Z","event":"request_completed","request_id":"c6c38977-d1fe-40b1-8d7c-5f64cf72ca10","practice_id":"uuid-aaa","route":"/","method":"GET","status_code":200,"duration_ms":46}
{"level":"info","timestamp":"2026-05-28T21:28:29.393Z","message":"Dental service running on port 3000","event":"server_started","port":"3000"}
{"level":"info","timestamp":"2026-05-28T21:28:34.041Z","message":"Dental service running on port 3000","event":"server_started","port":"3000"}
{"level":"info","timestamp":"2026-05-28T21:28:39.801Z","message":"Dental service running on port 3000","event":"server_started","port":"3000"}
{"level":"info","timestamp":"2026-05-28T21:29:14.875Z","message":"Dental service running on port 3000","event":"server_started","port":"3000"}
{"level":"info","timestamp":"2026-05-28T21:30:33.316Z","message":"Dental service running on port 3000","event":"server_started","port":"3000"}
{"level":"info","timestamp":"2026-05-28T21:30:45.875Z","event":"request_started","request_id":"0e024709-8c22-42e7-86cc-f199500858b1","route":"/api/v1/appointments/51","method":"POST"}
{"level":"debug","timestamp":"2026-05-28T21:30:45.876Z","event":"routing_resolved","practice_id":"uuid-aaa","database":"practice_a_db","pool_total":0,"pool_idle":0,"pool_waiting":0,"request_id":"0e024709-8c22-42e7-86cc-f199500858b1"}
{"level":"debug","timestamp":"2026-05-28T21:30:45.921Z","event":"db_query","database":"practice_a_db","sql":"SELECT patient_id FROM patients WHERE patient_id = $1","params":["51"],"duration_ms":43,"request_id":"0e024709-8c22-42e7-86cc-f199500858b1","practice_id":"uuid-aaa"}
{"level":"debug","timestamp":"2026-05-28T21:30:45.927Z","event":"db_query","database":"practice_a_db","sql":"INSERT INTO appointments (patient_id, scheduled_at, status, notes)\n         VALUES ($1, $2, $3, $4)\n         RETURNING *","params":["51","2026-06-15T10:00:00Z","scheduled","Regular checkup"],"duration_ms":6,"request_id":"0e024709-8c22-42e7-86cc-f199500858b1","practice_id":"uuid-aaa"}
{"level":"info","timestamp":"2026-05-28T21:30:45.932Z","event":"request_completed","request_id":"0e024709-8c22-42e7-86cc-f199500858b1","practice_id":"uuid-aaa","route":"/51","method":"POST","status_code":201,"duration_ms":56}
{"level":"info","timestamp":"2026-05-28T21:30:53.817Z","event":"request_started","request_id":"d85a4cd1-c93d-4857-98fc-6e1d27ab406c","route":"/api/v1/appointments/","method":"POST"}
{"level":"debug","timestamp":"2026-05-28T21:30:53.818Z","event":"routing_resolved","practice_id":"uuid-aaa","database":"practice_a_db","pool_total":1,"pool_idle":1,"pool_waiting":0,"request_id":"d85a4cd1-c93d-4857-98fc-6e1d27ab406c"}
{"level":"error","timestamp":"2026-05-28T21:30:53.820Z","event":"request_failed","request_id":"d85a4cd1-c93d-4857-98fc-6e1d27ab406c","practice_id":"uuid-aaa","route":"/api/v1/appointments/","method":"POST","status_code":404,"duration_ms":3}
{"level":"info","timestamp":"2026-05-28T21:31:18.117Z","message":"Dental service running on port 3000","event":"server_started","port":"3000"}
{"level":"info","timestamp":"2026-05-28T21:31:33.733Z","event":"request_started","request_id":"2f1b5232-c3b0-46c2-bf52-d30095d228a2","route":"/api/v1/appointments/","method":"POST"}
{"level":"debug","timestamp":"2026-05-28T21:31:33.734Z","event":"routing_resolved","practice_id":"uuid-aaa","database":"practice_a_db","pool_total":0,"pool_idle":0,"pool_waiting":0,"request_id":"2f1b5232-c3b0-46c2-bf52-d30095d228a2"}
{"level":"error","timestamp":"2026-05-28T21:31:33.741Z","event":"request_failed","request_id":"2f1b5232-c3b0-46c2-bf52-d30095d228a2","practice_id":"uuid-aaa","route":"/api/v1/appointments/","method":"POST","status_code":404,"duration_ms":8}
{"level":"info","timestamp":"2026-05-28T21:31:38.671Z","event":"request_started","request_id":"b9c9d11f-4712-45ad-b2cc-269accb401d1","route":"/api/v1/appointments","method":"POST"}
{"level":"debug","timestamp":"2026-05-28T21:31:38.673Z","event":"routing_resolved","practice_id":"uuid-aaa","database":"practice_a_db","pool_total":0,"pool_idle":0,"pool_waiting":0,"request_id":"b9c9d11f-4712-45ad-b2cc-269accb401d1"}
{"level":"error","timestamp":"2026-05-28T21:31:38.676Z","event":"request_failed","request_id":"b9c9d11f-4712-45ad-b2cc-269accb401d1","practice_id":"uuid-aaa","route":"/api/v1/appointments","method":"POST","status_code":404,"duration_ms":5}
{"level":"info","timestamp":"2026-05-28T21:31:51.388Z","event":"request_started","request_id":"a16edfbc-8421-4e98-a8ce-95ac17d3bf33","route":"/api/v1/appointments","method":"POST"}
{"level":"debug","timestamp":"2026-05-28T21:31:51.389Z","event":"routing_resolved","practice_id":"uuid-aaa","database":"practice_a_db","pool_total":0,"pool_idle":0,"pool_waiting":0,"request_id":"a16edfbc-8421-4e98-a8ce-95ac17d3bf33"}
{"level":"error","timestamp":"2026-05-28T21:31:51.391Z","event":"request_failed","request_id":"a16edfbc-8421-4e98-a8ce-95ac17d3bf33","practice_id":"uuid-aaa","route":"/api/v1/appointments","method":"POST","status_code":404,"duration_ms":3}
{"level":"info","timestamp":"2026-05-28T21:32:28.516Z","event":"request_started","request_id":"f938b3c0-769f-4ea1-a9c8-d81c7ad135dc","route":"/api/v1/appointments","method":"POST"}
{"level":"debug","timestamp":"2026-05-28T21:32:28.517Z","event":"routing_resolved","practice_id":"uuid-aaa","database":"practice_a_db","pool_total":0,"pool_idle":0,"pool_waiting":0,"request_id":"f938b3c0-769f-4ea1-a9c8-d81c7ad135dc"}
{"level":"error","timestamp":"2026-05-28T21:32:28.520Z","event":"request_failed","request_id":"f938b3c0-769f-4ea1-a9c8-d81c7ad135dc","practice_id":"uuid-aaa","route":"/api/v1/appointments","method":"POST","status_code":404,"duration_ms":4}
{"level":"info","timestamp":"2026-05-28T21:45:03.091Z","message":"Dental service running on port 3000","event":"server_started","port":"3000"}
